Chain_(unit)
William_John_Macquorn_Rankine
Unenlagia
Korean_War_Veterans_Memorial
Elmwood_
Convair_B
Anarchism
Antiseptic
German_submarine_U
Vivien_Leigh
Imelda_Marcos
Vodka
Borax
Autism
National_World_War_II_Memorial
Victorian_era
Renaissance_humanism_in_Northern_Europe
Japanese_aircraft_carrier_Hiryū
Japanese_aircraft_carrier_Kaga
Japanese_aircraft_carrier_Sōryū
Japanese_aircraft_carrier_Shōkaku
Japanese_aircraft_carrier_Zuikaku
SS_Suevic
Mannitol
Albedo
E
Goniasteridae
Muhammad_al
Sea_apple
Sukhoi_Su
Bell_Boeing_V
STS
Kingsman
Vladimir_Putin
Beipiaosaurus
Anasazisaurus
Tesco
V
Aromobatidae
Wisconsin_State_Capitol
Gyeongju
Douglas_B
Varicose_veins
Italian_cuisine
Machimosaurus
Muhammad_Ali_Jinnah
Centrostephanus_longispinus
Strawberry_poison
Mt
Research_vessel
North_American_A
North_American_AJ_Savage
Wiki
Charles_Taylor_
LTV_A
Peterloo_Massacre
Bubble
Lampocteis
History_of_South_Africa
Theophrastus
USS_Boxer_
German_submarine_U
Bing
Bell_P
Mary_Shelley
Northrop_P
Acre_
Echinasteridae
Northrop_F
Bell_P
William_Shakespeare
McDonnell_Douglas_KC
Futalognkosaurus
Budd_Company
Severe_acute_respiratory_syndrome
Recife
Woody_Allen
One_gene
Warsaw
Shivalik
Weather_ship
Walt_Disney
USS_Connecticut_
Henry_Taube
Positivist_school_
World_War_II
Virtue_jurisprudence
Kursk_submarine_disaster
USS_Colorado_
Toju_Nakae
Calabash
Düsseldorf
Awareness
Hooke
Beaver
Uncyclopedia
Temple_Mount
Ferdinand_von_Hochstetter
Saint
Dome_of_the_Rock
Coeluridae
Wine
Gerard_
TAROM
Formula
Distrust
Writing
Stockholm_Arlanda_Airport
Rijeka
Abdullah_II_of_Jordan
H
Logarithmic_scale
Ultrasaurus
Western_
Al
Night_lizard
Mitt_Romney
War_Horse_
Winnipeg_James_Armstrong_Richardson_International_Airport
Rinchenia
Roger_Federer
Texas_horned_lizard
Classical_electromagnetism
Radio
Crotalus_viridis
Buzz_Aldrin
HMS_Hood
Beale_Street
Politeness
Scolecida
Admiral
Suvarnabhumi_Airport
Moral_panic
Alitalia
Pirates_of_the_Caribbean
USS_California_
Helmsman
Sidney_Hook
Frankfurt_
Dr_Pepper
Ethan_Hawke
Whitehorse
White_House
Taxila
Ronaldinho
Warren_G
Siege_of_Vicksburg
Bothrops_asper
William_Withering
Schindler
The_Art_of_War
Lycodon_aulicus
Lycodon_capucinus
International_Air_Transport_Association
Achilles
Amtocephale
Abraham_Lincoln
Aristotle
Philosophical_Transactions_of_the_Royal_Society
Hypothyroidism
Vitiligo
Dysphagia
Mast_
Iberia_
Pacific_Rim_
Alexis_de_Tocqueville
Jamie_Oliver
Reading
Titanic_Memorial_
Academy_Awards
Angina_pectoris
William_Buckland
Battle_of_Kursk
Ankylosaurus
Altruism
Ayn_Rand
Ernest_Hemingway_House
Wilhelm_von_Humboldt
Artificial_reef
Lie
Gondwanatitan
Calliactis_tricolor
Microphone
Broad
Web_crawler
William_Gibson
Pyrosome
Electromagnetic_induction
Magnetic_flux
Wavelength
Electromotive_force
Orbital_elements
Mikoyan
Werner_Heisenberg
Ada_Yonath
William_Shockley
Walter_Houser_Brattain
History_of_psychology
Cough
Guaibasaurus
Ideal_gas
Rule_of_law
World_Wide_Web
King_Kong
Wireless_LAN
Paul_Kagame
Kinematics
Hepatitis_B
Carolina_anole
Pittsburgh_International_Airport
Gastroesophageal_reflux_disease
Whisky
Nikolay_Lossky
War
Isidor_Isaac_Rabi
Geomancy
Angular_velocity
Endoscopy
Robert_R
Wolfgang_Amadeus_Mozart
McCarran_International_Airport
Austin
Ward_Cunningham
Adverse_effect
West_Berlin
Benjamin_Harrison
War_film
Web_browser
Wireless_network
Vipera_xanthina
William_Blake
Traditionalist_School
1994_Fairchild_Air_Force_Base_B
Superstring_theory
Ouranosaurus
Woman
Waffen
Harry_Frankfurt
Voyage_of_the_James_Caird
Wake_Island
Indian_Rebellion_of_1857
Batrachochytrium
Yamato
Indosuchus
Fire_ship
Mencius
Stealth_technology
Dong_Hoi_Airport
Arak_
HMS_Hood_
Macrocystis
Yakovlev_Yak
ReactOS
Jaundice
White_coat
Clibanarius_vittatus
Philipp_Lenard
Arcovenator
Pink_Floyd
Phaseolus_vulgaris
Word_processor
Balanus_balanus
Falafel
Swiss_Air_Force
Curtiss_SB2C_Helldiver
Tupolev_Tu
Space_
English_Wikipedia
Pascal_
Chinua_Achebe
Gonyosoma_oxycephalum
Acanthastrea_hillae
Ilyushin_Il
Ilyushin_Il
Ilyushin_Il
Haplocanthosaurus
Avro_Lancaster
Delhi_Sultanate
Cauliflower
Deontic_logic
Sea_anemone
Hickory
The_Human_Centipede_
Winston_Churchill
Yardley
Whaler
Ship_prefix
Hertzsprung
Yakovlev_Yak
When_Harry_Met_Sally
Television_film
W
William_Morris
Red_
Harpymimus
Pandalus_montagui
Harald_Hardrada
Archosaur
Inductive_reasoning
Doctrine_of_the_Mean
Ahshislepelta
Lemon
William_Henry_Harrison
Green_tea
Tupolev_Tu
William_Thomson
Wankel_engine
Heterodontosaurus
Waterloo
Water
Paul_Baran
Tupolev_Tu
North_American_F
Hans
Soviet_Air_Forces
Atheris_hispida
SpaceShipTwo
Galileo_Galilei
Ilyushin_Il
The_Moral_Landscape
Anthropology
Pituophis_melanoleucus
Kunming
Alchemy
Ajancingenia
Heritage_Documentation_Programs
Applications_of_artificial_intelligence
Marmes_Rockshelter
Jean
ASCII
Isanosaurus
Animation
Chironex_yamaguchii
Scotts_Bluff_National_Monument
Arithmetic_mean
Rigour
Sea_urchin
Jaxartosaurus
Problem_of_religious_language
Amphibian
Alfalfa
Eilat
Agriculture
Clifford_Geertz
Burgenland
Algae
Analysis_of_variance
HMS_Temeraire_
Checkered_keelback
Doxorubicin
Bastille
Mackensen
Edward_Charles_Pickering
Cucumber
Wayne_Gretzky
Abacus
McDonnell_Douglas_AV
Acid
Python_molurus
Wave
Radish
Jimmy_Wales
Labocania
Tanycolagreus
Alphabet
Kota_Kinabalu
Atomic_number
Anatomy
Juno_
Alexandria
Clathria_prolifera
Computer_keyboard
Screen_Actors_Guild_Award
Web_server
Rational_number
Well
Asia
Xenopeltis_unicolor
Ernst_Abbe
Peshawar
Home_Army
Aviation_accidents_and_incidents
Atlantic_Ocean
Arthur_Schopenhauer
House_of_Borgia
Henry_Wadsworth_Longfellow
Walt_Disney_Studios_Motion_Pictures
Chrysaora_colorata
Modiolus_modiolus
Zeroth_law_of_thermodynamics
Lessemsaurus
Elevator_
Black_coral
Weapon
Bernie_Sanders
Dover_Air_Force_Base
Arleigh_Burke
White_dwarf
Lecithin
Albert_Einstein
Ryanair
Flying_Tigers
Leslie_Stephen
United_States_Exploring_Expedition
Calumet
USS_Carl_Vinson
Romanian_cuisine
Wave
Antibes
Formic_acid
Clinical_psychology
Art
William_McKinley
William_Howard_Taft
Woodrow_Wilson
Heteractis_magnifica
The_Hunger_Games
Frank_Lloyd_Wright_Home_and_Studio
Graph_coloring
Ocean
Reptile_scale
Rational_function
Lockheed_Martin_F
Chromogisaurus
Abortion
Post
Wing
Latent_heat
American_Revolutionary_War
Ampere
Foie_gras
Geometry
Algorithm
Michael_Myers_
Dzogchen
Padmasambhava
Zen_and_the_Art_of_Motorcycle_Maintenance
Homi_J
Alexander_the_Great
Morphological_freedom
History_of_the_National_Register_of_Historic_Places
Wheel
Technological_utopianism
Asteroid
Pune
Battle_of_Dien_Bien_Phu
River
PepsiCo
Abelisaur
Anime
X
Ankara
Arabic
Holography
National_Trust_for_Historic_Preservation
Alfred_Hitchcock
Philosophy_of_engineering
Anaconda
Nqwebasaurus
World_Food_Programme
World_Health_Organization
Jet_aircraft
Maria_Mitchell
Steven_Chu
Cherry_blossom
Spinops
Permeability_
Washington_Dulles_International_Airport
History_of_science_and_technology_in_the_Indian_subcontinent
Windsor
Franklin_
James_II_of_England
Ammodytes_americanus
Wrocław
War_of_the_Spanish_Succession
Axiom_of_choice
Attila
Adelaide
Amsterdam
History_of_marine_biology
William_of_Ockham
Aircraft
Alfred_Nobel
Alexander_Graham_Bell
Warsaw_Pact
Karl_Pearson
Cardiopulmonary_resuscitation
Sarin
Clinical_death
Apple_Inc
Hannibal_
Weak_interaction
American_Civil_War
Andy_Warhol
Dream_of_the_Red_Chamber
Northern_slimy_salamander
Wasabi
Spanish_Civil_War
Akira_Kurosawa
American_Film_Institute
Ancient_Egypt
Intensive_animal_farming
Baconian_method
Submarine_snorkel
ABBA
Electorate_of_Saxony
United_Airlines_Flight_232
Dijon
Waiting_for_Godot
Mission_Concepcion
Fraction_
Maya_civilization
Wessex
Said_al
Agnosticism
Progesterone
Arsenic
GoDaddy
Basilica_of_St_Denis
Atom
Western_green_mamba
Aluminium
Ida_B
Yi_
B
Andrey_Markov
W
Saint_Sava
Lilo_
Anxiety
Wave_equation
Axiom
Pentagram
Hermann_Grassmann
Ruehleia
José_Vasconcelos
Susan_Sontag
Springfield_Armory
Monsters
Benson
Albert_Speer
Washington_Irving
Henrietta_Swan_Leavitt
Ascites
Secrecy
Valkyrie_
Ada_Lovelace
Mary_Midgley
Albert_Ball
Alps
Tellina_tenuis
Agatha_Christie
Fin_whale
Albert_Camus
Applied_ethics
Yekaterinburg
Absolute_value
Lockheed_Martin
Hypopituitarism
Zanzibar_Revolution
Stockton
Regaliceratops
Pearl_Harbor_
Ancient_Greece
Brazilian_battleship_São_Paulo
Worcester
Whale
Viking_Line
Ouzo
Alaskacephale
Joseph_W
Wernher_von_Braun
German_submarine_U
Alcohol
Dietary_fiber
Broccoli
Richard_Hamming
Anarcho
History_of_the_creation
Shrek_2
De_Havilland_Canada_DHC
Darwin
Albert_Schweitzer
Abscess
Kareena_Kapoor
Gibberichthys
Wellington
ENIAC
Aarhus
Harry_Markowitz
Milky_Way
Fogg_Museum
Balanus_crenatus
Indo
William_Ames
Wole_Soyinka
Standing_on_the_shoulders_of_giants
Modern_history
Sphenacodon
General_Mills
William_Wallace
Almond
Willard_Van_Orman_Quine
Japan_Airlines
Serena_Williams
National_Historic_Landmark
Hugo_Grotius
Antisemitism
Antalya
Norovirus
Acropora_cytherea
Justice_as_Fairness
Storeria
Airbus_A320_family
Wannsee_Conference
Brain
Hemodialysis
Airbus_A340
Airbus_A330
Charles
Walt_Whitman
World_Trade_Organization
Predator_
Wenceslaus_I
Lists_of_dinosaur
La_Peau_de_chagrin
Valvatida
Windows_XP
Minkowski_space
Software_design_pattern
Lever_House
Sacco_and_Vanzetti
Richard_Francis_Burton
Naphthalene
HMS_York_
Mexico
Limnomedusae
Jan_Swammerdam
Liliensternus
Avicenna
Website
Chilean_battleship_Almirante_Latorre
Windows_8
Sambucus
Analysis
Steak
Augustin
Elaphrosaurus
Ben_Stein
Cristiano_Ronaldo
Seven_Years
Deontological_ethics
Adelaide
William_the_Conqueror
William_II_of_England
Constriction
Pinot_noir
Pilot_
Winter_War
Dresden
Algebraic_number
Radioactive_decay
The_French_Connection_
Weight
Artificial_intelligence
Secodontosaurus
Quaesitosaurus
William_Gilbert_
Anaximander
Ancient_philosophy
Windows_2000
Vanity
Discovery_Expedition
Aleister_Crowley
Afterlife
Tiraspol
Cirrhosis
Bitis_atropos
University_of_Bologna
Exponentiation
Alloy
Václav_Havel_Airport_Prague
Chennai_International_Airport
Nicolae_Iorga
Angle
Psychiatry
Acoustics
Atomic_physics
Fram
Portuguese_Empire
Yale_Edition_of_the_Complete_Works_of_St
Wolfgang_Pauli
Atomic_orbital
Portuguese_cuisine
Alan_Turing
Area
Weather
General_practitioner
Olindiidae
Mitsubishi_A5M
Artist
Glossy_snake
Athens
Nephtheidae
Lithobates_clamitans
Newcomen_atmospheric_engine
Atlantic_mudskipper
Robert_K
Market_
Hermann_Stieve
Late_termination_of_pregnancy
HMS_Eagle_
Gangtok
Taichung
Imperative_programming
Ada_
Ashoka
Esbjerg
Thomas_Pennant
Alfonso_X_of_Castile
Littoral_combat_ship
Runway
Operation_Teardrop
Atiśa
Voting_system
Web_design
Alpha_decay
Gojirasaurus
Hughes_H
Augustus
Wormhole
President
Cowardice
Wart
Homonoia
Hannes_Alfvén
Warner_Bros
IPad_
Fountain_of_Time
War_of_1812
Qin_Shi_Huang
History_of_classical_mechanics
Windows_95
Huabeisaurus
Wrought_iron
Ethical_intuitionism
Juglans
Statue_of_Liberty_National_Monument
Whitney_Houston
Polygon_
IPhone_4S
Inductance
Frederick_the_Great
Winona_Ryder
Liberal_eugenics
Delapparentia
Two
Windows_Media_Audio
Superman_Returns
Antimatter
Operation_Entebbe
Helen_Mirren
Semaeostomeae
Alfa
Antiparticle
Pierre_Deligne
Ornithomimosauria
Match_Point
Discosoma
Sherlock_Holmes_
Annie_Hall
Associative_property
Johannes_Diderik_van_der_Waals
Pseudobiceros_bedfordi
Aerosteon
William_Lipscomb
Zamboanga_City
Software_as_a_service
Trans_fat
Guaibasauridae
Arnold_Arboretum
Apatosaurus
Allosaurus
AK
Giambattista_Vico
Creative_destruction
Dissorophidae
Just_price
Ipswich
People
Andes
Anchor
Hydrometer
Tanystropheus
Ajkaceratops
Aniksosaurus
André
Maritime_history
Heavy_cruiser
Ammonia
Albertosaurus
Assembly_language
Sauropsida
Ambrose
Indonesian_National_Revolution
Xenon
List_of_Nobel_laureates_in_Physiology_or_Medicine
XML
Fujita_scale
Army
Phallusia_mammillata
David_Mumford
X_Window_System
Alligatoridae
Temnopleuridea
Crotalus_scutulatus
Microsoft_Lumia
X
Adolf_Eichmann
PARC_
Xenophon
Memory_management
Ulmaridae
Michael_Ignatieff
Massachusetts_State_House
AOL
Auguste_Comte
Bulgaria_Air
Jewel_Cave_National_Monument
Ship_model
Museum_ship
Arsphenamine
Erie
Sukhoi_Su
Rana_
Pelagiidae
Józef_Piłsudski
Cattle
Absolute_zero
Adiabatic_process
Ho_Chi_Minh_City
Renminbi
Transport
Toy_Story_3
Antonio_Vivaldi
Typha
German_submarine_U
X
X86
Kirchhoff
Colostrum
Thomas_Cech
Abraham
Cyaneidae
Freddy_Krueger
Jason_Voorhees
Epidemic
Acapulco
Puddling_
Alan_Kay
APL_
Astrophysics
Hercules_
Tuskegee_syphilis_experiment
AWK
CAPTCHA
Yuri_Gagarin
Eudendriidae
Apollo_program
Epidemiology
Burger_King
Juglans_nigra
Fruitadens
Montréal
Science_and_technology_in_India
Fort_McMurray
Montipora_aequituberculata
Futurism
Herrerasaurus
South_by_Southwest
Sodom_and_Gomorrah
Perth_Airport
RAF_Northolt
Mono_
Alemanni
Yellow_fever
Slipway
Baron_Munchausen
Yoga
Crown_jellyfish
NYSE_MKT
Chamelea_gallina
Alfred_Russel_Wallace
Memphis_International_Airport
Dilophosauridae
Fictitious_force
Bradley_International_Airport
Colonial_Williamsburg
Avro_Canada_VZ
Denver_International_Airport
Utahceratops
Ayutthaya_Kingdom
Yom_Kippur_War
Chinese_alligator
Yule
Aachen
Yasser_Arafat
Trinity_Church_
Aspirin
Frank_Cameron_Jackson
Grindhouse_
RMS_Queen_Elizabeth
Acupuncture
Macintosh
Aeneas
Kinetoscope
Amaranth
Tulane_University
Curie_temperature
Canning
Monocled_cobra
Pavlova_
Caspian_cobra
Conservation_of_energy
Albert_Kahn_
Veganarchism
Renaissance_Blackstone_Hotel
Sauropterygia
Massospondylus
Amphignathodontidae
USS_Massachusetts_
Yellowstone_National_Park
Albertus_Magnus
Year
Alboin
Admiral_Hipper
Nuclear_reaction
Karl_Ziegler
Pseudonaja
Hiatus_hernia
Yoko_Ono
Yerevan
Ayia_Napa_sea_monster
Hotel_Transylvania
Victory_ship
York
Liberty_ship
Tiger_Stadium_
Euthyphro_dilemma
Yellow
Utilitarianism_
Dendronephthya
Asilisaurus
PSFS_Building
Science_of_morality
Japanese_aircraft_carrier_Shinano
Europelta
Alexios_I_Komnenos
Yeast
Sciurumimus
Arius
Andrew_Jackson
Andrew_Johnson
Aleksandr_Solzhenitsyn
Japanese_yen
Aberdeen
Yamoussoukro
Southern_brown_tree_frog
Placenta
Imperial_and_US_customary_measurement_systems
Chrysanthemum
Antipope
Aquaculture
Species_
John_Fenn_
Indiana_World_War_Memorial_Plaza
Alfred_the_Great
Algiers
Alhazen
Zoology
Zirconium
Baleen_whale
Creation
Afonso_I_of_Portugal
Tuple
Psychological_trauma
Tadpole
Major_trauma
Bitis_peringueyi
Gorgonia_flabellum
Dryosauridae
Bridge_to_Terabithia_
Helena_Roerich
Avril_Lavigne
Zoonosis
Boletus_edulis
Zeppelin
King_Ranch
Electron_configuration
U
Incheon_International_Airport